67.195.112.112 - - [08/Feb/2011:06:33:36 +0100] "GET /23/firma/targi-internetowepl-sc HTTP/1.0" 200 6362 "-" "Mozilla/5.0 (compatible; Yahoo! Slurp; http://help.yahoo.com/help/us/ysearch/slurp)"
88.131.106.22 - - [08/Feb/2011:06:42:53 +0100] "GET /robots.txt HTTP/1.0" 200 25 "-" "Mozilla/5.0 (Windows; U; Windows NT 5.1; en-US) Speedy Spider (http://www.entireweb.com/about/search_tech/speedy_spider/)"
88.131.106.22 - - [08/Feb/2011:06:42:54 +0100] "GET /entries/search_advanced HTTP/1.0" 200 8926 "-" "Mozilla/5.0 (Windows; U; Windows NT 5.1; en-US) Speedy Spider (http://www.entireweb.com/about/search_tech/speedy_spider/)"
66.249.71.201 - - [08/Feb/2011:06:51:12 +0100] "GET /entries/view/33 HTTP/1.1" 200 2462 "-" "Mozilla/5.0 (compatible; Googlebot/2.1; +http://www.google.com/bot.html)"
67.195.112.112 - - [08/Feb/2011:06:52:02 +0100] "GET /294/firma/producent-bram-garazowych HTTP/1.0" 200 6692 "-" "Mozilla/5.0 (compatible; Yahoo! Slurp; http://help.yahoo.com/help/us/ysearch/slurp)"
66.249.71.201 - - [08/Feb/2011:06:55:48 +0100] "GET /entries/view/46 HTTP/1.1" 200 2496 "-" "Mozilla/5.0 (compatible; Googlebot/2.1; +http://www.google.com/bot.html)"
66.249.71.201 - - [08/Feb/2011:06:59:04 +0100] "GET /107/firma/domer-handel-hurt-detal HTTP/1.1" 200 2369 "-" "Mozilla/5.0 (compatible; Googlebot/2.1; +http://www.google.com/bot.html)"
95.108.128.240 - - [08/Feb/2011:06:59:36 +0100] "GET /tag/cz%C4%99%C5%9Bci-maszyn-transportowych HTTP/1.1" 200 2475 "-" "Mozilla/5.0 (compatible; YandexBot/3.0; +http://yandex.com/bots)"
65.52.51.179 - - [08/Feb/2011:07:08:07 +0100] "GET /robots.txt HTTP/1.1" 200 25 "-" "Mozilla/5.0 (compatible; bingbot/2.0; +http://www.bing.com/bingbot.htm)"
67.195.112.112 - - [08/Feb/2011:07:14:40 +0100] "GET /tag/dostawcze-tir.mechanika HTTP/1.0" 200 7972 "-" "Mozilla/5.0 (compatible; Yahoo! Slurp; http://help.yahoo.com/help/us/ysearch/slurp)"
67.195.112.112 - - [08/Feb/2011:07:16:02 +0100] "GET /tag/stela%C5%BCe HTTP/1.0" 200 7760 "-" "Mozilla/5.0 (compatible; Yahoo! Slurp; http://help.yahoo.com/help/us/ysearch/slurp)"
67.195.112.112 - - [08/Feb/2011:07:29:09 +0100] "GET /tag/%C5%82%C3%B3%C5%BCka-drewniane HTTP/1.0" 200 7800 "-" "Mozilla/5.0 (compatible; Yahoo! Slurp; http://help.yahoo.com/help/us/ysearch/slurp)"
67.195.112.112 - - [08/Feb/2011:07:43:10 +0100] "GET /entries/view/76 HTTP/1.0" 200 6681 "-" "Mozilla/5.0 (compatible; Yahoo! Slurp; http://help.yahoo.com/help/us/ysearch/slurp)"
95.108.128.240 - - [08/Feb/2011:07:50:23 +0100] "GET /115/firma/sotel-pt-agencja-reklamowa HTTP/1.1" 200 2185 "-" "Mozilla/5.0 (compatible; YandexBot/3.0; +http://yandex.com/bots)"
67.195.112.112 - - [08/Feb/2011:07:50:37 +0100] "GET /tag/domy HTTP/1.0" 200 8227 "-" "Mozilla/5.0 (compatible; Yahoo! Slurp; http://help.yahoo.com/help/us/ysearch/slurp)"
67.195.112.112 - - [08/Feb/2011:07:56:04 +0100] "GET /entries/view/31 HTTP/1.0" 200 7218 "-" "Mozilla/5.0 (compatible; Yahoo! Slurp; http://help.yahoo.com/help/us/ysearch/slurp)"
67.195.112.112 - - [08/Feb/2011:08:12:56 +0100] "GET /407/dzial/przesylki-kurierskie HTTP/1.0" 200 8470 "-" "Mozilla/5.0 (compatible; Yahoo! Slurp; http://help.yahoo.com/help/us/ysearch/slurp)"
67.195.112.112 - - [08/Feb/2011:08:15:25 +0100] "GET /trades/view/28 HTTP/1.0" 200 8500 "-" "Mozilla/5.0 (compatible; Yahoo! Slurp; http://help.yahoo.com/help/us/ysearch/slurp)"
66.249.71.201 - - [08/Feb/2011:08:17:40 +0100] "GET /entries/view/61 HTTP/1.1" 200 2420 "-" "Mozilla/5.0 (compatible; Googlebot/2.1; +http://www.google.com/bot.html)"
66.249.71.201 - - [08/Feb/2011:08:19:27 +0100] "GET /entries/view/34 HTTP/1.1" 200 2316 "-" "Mozilla/5.0 (compatible; Googlebot/2.1; +http://www.google.com/bot.html)"
67.195.112.112 - - [08/Feb/2011:08:19:49 +0100] "GET /tag/agencja-reklamowa HTTP/1.0" 200 8333 "-" "Mozilla/5.0 (compatible; Yahoo! Slurp; http://help.yahoo.com/help/us/ysearch/slurp)"
208.115.111.70 - - [08/Feb/2011:08:20:19 +0100] "GET /robots.txt HTTP/1.1" 200 25 "-" "Mozilla/5.0 (compatible; Ezooms/1.0; ezooms.bot@gmail.com)"
67.195.112.112 - - [08/Feb/2011:08:21:42 +0100] "GET /31/firma/przedsiebiorstwo-produkcyjno-handlowe-toma-spz-oo HTTP/1.0" 200 7218 "-" "Mozilla/5.0 (compatible; Yahoo! Slurp; http://help.yahoo.com/help/us/ysearch/slurp)"
208.115.111.70 - - [08/Feb/2011:08:27:16 +0100] "GET / HTTP/1.1" 200 12328 "-" "Mozilla/5.0 (compatible; Ezooms/1.0; ezooms.bot@gmail.com)"
157.55.116.64 - - [08/Feb/2011:08:37:14 +0100] "GET /robots.txt HTTP/1.1" 200 25 "-" "msnbot/2.0b (+http://search.msn.com/msnbot.htm)._"
157.55.116.64 - - [08/Feb/2011:08:37:15 +0100] "GET /261/firma/vivimo-systemy-komputerowe-warszawa HTTP/1.1" 200 2469 "-" "msnbot/2.0b (+http://search.msn.com/msnbot.htm)._"
157.55.116.64 - - [08/Feb/2011:08:37:20 +0100] "GET /9/kategoria/motoryzacja-i-transport HTTP/1.1" 200 3045 "-" "msnbot/2.0b (+http://search.msn.com/msnbot.htm)._"
157.55.116.64 - - [08/Feb/2011:08:38:00 +0100] "GET /2/kategoria/budownictwo HTTP/1.1" 200 3634 "-" "msnbot/2.0b (+http://search.msn.com/msnbot.htm)._"
95.108.128.240 - - [08/Feb/2011:08:41:08 +0100] "GET /287/firma/combinestudio HTTP/1.1" 200 2265 "-" "Mozilla/5.0 (compatible; YandexBot/3.0; +http://yandex.com/bots)"
212.244.185.28 - - [08/Feb/2011:08:41:36 +0100] "GET /ostatnio-dodane-firmy HTTP/1.1" 200 30803 "http://www.google.pl/url?sa=t&source=web&cd=4&ved=0CC4QFjAD&url=http%3A%2F%2Fwww.efirmowy.com.pl%2Fostatnio-dodane-firmy&rct=j&q=baza%20efirmowy%20ostatnio%20dodane&ei=pvNQTcexDIfOhAfP7K2rCQ&usg=AFQjCNEQGgJmmSV_4o0g7vtb-5k3xQcvHQ" "Mozilla/4.0 (compatible; MSIE 8.0; Windows NT 5.1; Trident/4.0; .NET CLR 1.1.4322; .NET CLR 2.0.50727; .NET CLR 3.0.04506.30; .NET CLR 3.0.04506.648; .NET CLR 3.0.4506.2152; .NET CLR 3.5.30729)"
207.46.199.46 - - [08/Feb/2011:08:44:22 +0100] "GET /robots.txt HTTP/1.1" 200 25 "-" "Mozilla/5.0 (compatible; bingbot/2.0; +http://www.bing.com/bingbot.htm)"
207.46.199.46 - - [08/Feb/2011:08:45:03 +0100] "GET /entries/view/43 HTTP/1.1" 200 2297 "-" "Mozilla/5.0 (compatible; bingbot/2.0; +http://www.bing.com/bingbot.htm)"
67.195.112.112 - - [08/Feb/2011:08:57:55 +0100] "GET /trades/view/167 HTTP/1.0" 200 8372 "-" "Mozilla/5.0 (compatible; Yahoo! Slurp; http://help.yahoo.com/help/us/ysearch/slurp)"
67.195.112.112 - - [08/Feb/2011:09:07:43 +0100] "GET /178/dzial/stacje-kontroli-pojazdow HTTP/1.0" 200 8438 "-" "Mozilla/5.0 (compatible; Yahoo! Slurp; http://help.yahoo.com/help/us/ysearch/slurp)"
88.131.106.22 - - [08/Feb/2011:09:19:22 +0100] "GET /robots.txt HTTP/1.0" 200 25 "-" "Mozilla/5.0 (Windows; U; Windows NT 5.1; en-US) Speedy Spider (http://www.entireweb.com/about/search_tech/speedy_spider/)"
88.131.106.22 - - [08/Feb/2011:09:19:30 +0100] "GET /logowanie HTTP/1.0" 200 8041 "-" "Mozilla/5.0 (Windows; U; Windows NT 5.1; en-US) Speedy Spider (http://www.entireweb.com/about/search_tech/speedy_spider/)"
95.108.128.240 - - [08/Feb/2011:09:31:54 +0100] "GET /273/firma/telkor HTTP/1.1" 200 2275 "-" "Mozilla/5.0 (compatible; YandexBot/3.0; +http://yandex.com/bots)"
207.46.199.180 - - [08/Feb/2011:09:35:21 +0100] "GET /robots.txt HTTP/1.1" 200 25 "-" "Mozilla/5.0 (compatible; bingbot/2.0; +http://www.bing.com/bingbot.htm)"
212.244.185.28 - - [08/Feb/2011:09:45:54 +0100] "GET /299/firma/cray-studio-projektowanie-wnetrz-kalisz-aranzacja-wnetrz HTTP/1.1" 200 6432 "http://www.efirmowy.com.pl/ostatnio-dodane-firmy" "Mozilla/4.0 (compatible; MSIE 8.0; Windows NT 5.1; Trident/4.0; .NET CLR 1.1.4322; .NET CLR 2.0.50727; .NET CLR 3.0.04506.30; .NET CLR 3.0.04506.648; .NET CLR 3.0.4506.2152; .NET CLR 3.5.30729)"
212.244.185.28 - - [08/Feb/2011:09:46:37 +0100] "GET /ostatnio-dodane-firmy HTTP/1.1" 200 30803 "http://www.google.pl/url?sa=t&source=web&cd=4&ved=0CC4QFjAD&url=http%3A%2F%2Fwww.efirmowy.com.pl%2Fostatnio-dodane-firmy&rct=j&q=baza%20efirmowy%20ostatnio%20dodane&ei=pvNQTcexDIfOhAfP7K2rCQ&usg=AFQjCNEQGgJmmSV_4o0g7vtb-5k3xQcvHQ" "Mozilla/4.0 (compatible; MSIE 8.0; Windows NT 5.1; Trident/4.0; .NET CLR 1.1.4322; .NET CLR 2.0.50727; .NET CLR 3.0.04506.30; .NET CLR 3.0.04506.648; .NET CLR 3.0.4506.2152; .NET CLR 3.5.30729)"
212.244.185.28 - - [08/Feb/2011:09:46:41 +0100] "GET /295/firma/nortpol HTTP/1.1" 200 6021 "http://www.efirmowy.com.pl/ostatnio-dodane-firmy" "Mozilla/4.0 (compatible; MSIE 8.0; Windows NT 5.1; Trident/4.0; .NET CLR 1.1.4322; .NET CLR 2.0.50727; .NET CLR 3.0.04506.30; .NET CLR 3.0.04506.648; .NET CLR 3.0.4506.2152; .NET CLR 3.5.30729)"
66.249.71.201 - - [08/Feb/2011:09:46:42 +0100] "GET /295/firma/nortpol HTTP/1.1" 200 2261 "-" "Mediapartners-Google"
212.244.185.28 - - [08/Feb/2011:09:46:49 +0100] "GET /294/firma/producent-bram-garazowych HTTP/1.1" 200 6705 "http://www.efirmowy.com.pl/ostatnio-dodane-firmy" "Mozilla/4.0 (compatible; MSIE 8.0; Windows NT 5.1; Trident/4.0; .NET CLR 1.1.4322; .NET CLR 2.0.50727; .NET CLR 3.0.04506.30; .NET CLR 3.0.04506.648; .NET CLR 3.0.4506.2152; .NET CLR 3.5.30729)"
66.249.71.201 - - [08/Feb/2011:09:50:21 +0100] "GET /entries/view/52 HTTP/1.1" 200 2534 "-" "Mozilla/5.0 (compatible; Googlebot/2.1; +http://www.google.com/bot.html)"
208.80.194.26 - - [08/Feb/2011:09:53:16 +0100] "GET / HTTP/1.0" 200 12315 "-" "Mozilla/4.0 (compatible; MSIE 7.0; Windows NT 5.1; YPC 3.2.0; FunWebProducts; .NET CLR 1.1.4322; .NET CLR 2.0.50727; yplus 4.1.00b)"
67.195.112.112 - - [08/Feb/2011:09:58:54 +0100] "GET /134/firma/domi-polska-sp-z-oo HTTP/1.0" 200 7531 "-" "Mozilla/5.0 (compatible; Yahoo! Slurp; http://help.yahoo.com/help/us/ysearch/slurp)"
67.195.112.112 - - [08/Feb/2011:10:01:05 +0100] "GET /trades/view/418 HTTP/1.0" 200 9635 "-" "Mozilla/5.0 (compatible; Yahoo! Slurp; http://help.yahoo.com/help/us/ysearch/slurp)"
67.195.112.112 - - [08/Feb/2011:10:09:50 +0100] "GET /186/dzial/warsztaty-samochodowe HTTP/1.0" 200 9362 "-" "Mozilla/5.0 (compatible; Yahoo! Slurp; http://help.yahoo.com/help/us/ysearch/slurp)"
66.249.71.201 - - [08/Feb/2011:10:14:24 +0100] "GET /entries/last HTTP/1.1" 200 5263 "-" "Mozilla/5.0 (compatible; Googlebot/2.1; +http://www.google.com/bot.html)"
67.195.112.112 - - [08/Feb/2011:10:14:28 +0100] "GET /tag/druk HTTP/1.0" 200 9295 "-" "Mozilla/5.0 (compatible; Yahoo! Slurp; http://help.yahoo.com/help/us/ysearch/slurp)"
